Component: ARM Compiler 5.06 update 7 (build 960) Tool: armlink [4d3601]

==============================================================================

Section Cross References

    main.o(.text) refers to delay.o(.text) for delay_init
    main.o(.text) refers to misc.o(.text) for NVIC_PriorityGroupConfig
    main.o(.text) refers to usart.o(.text) for uart_init
    main.o(.text) refers to led.o(.text) for LED_Init
    main.o(.text) refers to printfb.o(i.__0printf$bare) for __2printf
    main.o(.text) refers to usart.o(.data) for USART_RX_STA
    main.o(.text) refers to usart.o(.bss) for USART_RX_BUF
    system_stm32f10x.o(.text) refers to system_stm32f10x.o(.data) for SystemCoreClock
    startup_stm32f10x_hd.o(RESET) refers to startup_stm32f10x_hd.o(STACK) for __initial_sp
    startup_stm32f10x_hd.o(RESET) refers to startup_stm32f10x_hd.o(.text) for Reset_Handler
    startup_stm32f10x_hd.o(RESET) refers to stm32f10x_it.o(.text) for NMI_Handler
    startup_stm32f10x_hd.o(RESET) refers to usart.o(.text) for USART1_IRQHandler
    startup_stm32f10x_hd.o(.text) refers to system_stm32f10x.o(.text) for SystemInit
    startup_stm32f10x_hd.o(.text) refers to entry.o(.ARM.Collect$$$$00000000) for __main
    stm32f10x_adc.o(.text) refers to stm32f10x_rcc.o(.text) for RCC_APB2PeriphResetCmd
    stm32f10x_bkp.o(.text) refers to stm32f10x_rcc.o(.text) for RCC_BackupResetCmd
    stm32f10x_can.o(.text) refers to stm32f10x_rcc.o(.text) for RCC_APB1PeriphResetCmd
    stm32f10x_can.o(.text) refers to stm32f10x_can.o(.text) for CheckITStatus
    stm32f10x_cec.o(.text) refers to stm32f10x_rcc.o(.text) for RCC_APB1PeriphResetCmd
    stm32f10x_dac.o(.text) refers to stm32f10x_rcc.o(.text) for RCC_APB1PeriphResetCmd
    stm32f10x_flash.o(.text) refers to stm32f10x_flash.o(.text) for FLASH_GetBank1Status
    stm32f10x_flash.o(.text) refers to stm32f10x_flash.o(.text) for FLASH_WaitForLastOperation
    stm32f10x_flash.o(.text) refers to stm32f10x_flash.o(.text) for FLASH_WaitForLastOperation
    stm32f10x_flash.o(.text) refers to stm32f10x_flash.o(.text) for FLASH_GetBank1Status
    stm32f10x_flash.o(.text) refers to stm32f10x_flash.o(.text) for FLASH_WaitForLastBank1Operation
    stm32f10x_flash.o(.text) refers to stm32f10x_flash.o(.text) for FLASH_GetReadOutProtectionStatus
    stm32f10x_flash.o(.text) refers to stm32f10x_flash.o(.text) for FLASH_WaitForLastOperation
    stm32f10x_flash.o(.text) refers to stm32f10x_flash.o(.text) for FLASH_WaitForLastOperation
    stm32f10x_flash.o(.text) refers to stm32f10x_flash.o(.text) for FLASH_WaitForLastOperation
    stm32f10x_flash.o(.text) refers to stm32f10x_flash.o(.text) for FLASH_WaitForLastOperation
    stm32f10x_flash.o(.text) refers to stm32f10x_flash.o(.text) for FLASH_WaitForLastOperation
    stm32f10x_flash.o(.text) refers to stm32f10x_flash.o(.text) for FLASH_WaitForLastOperation
    stm32f10x_flash.o(.text) refers to stm32f10x_flash.o(.text) for FLASH_WaitForLastOperation
    stm32f10x_gpio.o(.text) refers to stm32f10x_rcc.o(.text) for RCC_APB2PeriphResetCmd
    stm32f10x_gpio.o(.text) refers to stm32f10x_rcc.o(.text) for RCC_APB2PeriphResetCmd
    stm32f10x_i2c.o(.text) refers to stm32f10x_rcc.o(.text) for RCC_APB1PeriphResetCmd
    stm32f10x_i2c.o(.text) refers to stm32f10x_rcc.o(.text) for RCC_GetClocksFreq
    stm32f10x_pwr.o(.text) refers to stm32f10x_rcc.o(.text) for RCC_APB1PeriphResetCmd
    stm32f10x_rcc.o(.text) refers to stm32f10x_rcc.o(.text) for RCC_GetFlagStatus
    stm32f10x_rcc.o(.text) refers to stm32f10x_rcc.o(.data) for APBAHBPrescTable
    stm32f10x_rtc.o(.text) refers to stm32f10x_rtc.o(.text) for RTC_EnterConfigMode
    stm32f10x_rtc.o(.text) refers to stm32f10x_rtc.o(.text) for RTC_ExitConfigMode
    stm32f10x_rtc.o(.text) refers to stm32f10x_rtc.o(.text) for RTC_EnterConfigMode
    stm32f10x_rtc.o(.text) refers to stm32f10x_rtc.o(.text) for RTC_ExitConfigMode
    stm32f10x_rtc.o(.text) refers to stm32f10x_rtc.o(.text) for RTC_EnterConfigMode
    stm32f10x_rtc.o(.text) refers to stm32f10x_rtc.o(.text) for RTC_ExitConfigMode
    stm32f10x_spi.o(.text) refers to stm32f10x_rcc.o(.text) for RCC_APB2PeriphResetCmd
    stm32f10x_spi.o(.text) refers to stm32f10x_rcc.o(.text) for RCC_APB1PeriphResetCmd
    stm32f10x_spi.o(.text) refers to stm32f10x_rcc.o(.text) for RCC_GetClocksFreq
    stm32f10x_tim.o(.text) refers to stm32f10x_rcc.o(.text) for RCC_APB2PeriphResetCmd
    stm32f10x_tim.o(.text) refers to stm32f10x_rcc.o(.text) for RCC_APB1PeriphResetCmd
    stm32f10x_tim.o(.text) refers to stm32f10x_tim.o(.text) for TI1_Config
    stm32f10x_tim.o(.text) refers to stm32f10x_tim.o(.text) for TIM_SetIC1Prescaler
    stm32f10x_tim.o(.text) refers to stm32f10x_tim.o(.text) for TIM_SetIC2Prescaler
    stm32f10x_tim.o(.text) refers to stm32f10x_tim.o(.text) for TIM_SetIC3Prescaler
    stm32f10x_tim.o(.text) refers to stm32f10x_tim.o(.text) for TIM_SetIC4Prescaler
    stm32f10x_tim.o(.text) refers to stm32f10x_tim.o(.text) for TI1_Config
    stm32f10x_tim.o(.text) refers to stm32f10x_tim.o(.text) for TIM_SetIC1Prescaler
    stm32f10x_tim.o(.text) refers to stm32f10x_tim.o(.text) for TIM_SetIC2Prescaler
    stm32f10x_tim.o(.text) refers to stm32f10x_tim.o(.text) for TIM_SelectInputTrigger
    stm32f10x_tim.o(.text) refers to stm32f10x_tim.o(.text) for TI2_Config
    stm32f10x_tim.o(.text) refers to stm32f10x_tim.o(.text) for TIM_SelectInputTrigger
    stm32f10x_tim.o(.text) refers to stm32f10x_tim.o(.text) for TIM_ETRConfig
    stm32f10x_tim.o(.text) refers to stm32f10x_tim.o(.text) for TIM_ETRConfig
    stm32f10x_usart.o(.text) refers to stm32f10x_rcc.o(.text) for RCC_APB2PeriphResetCmd
    stm32f10x_usart.o(.text) refers to stm32f10x_rcc.o(.text) for RCC_APB1PeriphResetCmd
    stm32f10x_usart.o(.text) refers to stm32f10x_rcc.o(.text) for RCC_GetClocksFreq
    stm32f10x_wwdg.o(.text) refers to stm32f10x_rcc.o(.text) for RCC_APB1PeriphResetCmd
    delay.o(.text) refers to misc.o(.text) for SysTick_CLKSourceConfig
    delay.o(.text) refers to system_stm32f10x.o(.data) for SystemCoreClock
    delay.o(.text) refers to delay.o(.data) for fac_us
    delay.o(.text) refers to delay.o(.data) for fac_us
    usart.o(.text) refers to stm32f10x_rcc.o(.text) for RCC_APB2PeriphClockCmd
    usart.o(.text) refers to stm32f10x_gpio.o(.text) for GPIO_Init
    usart.o(.text) refers to misc.o(.text) for NVIC_Init
    usart.o(.text) refers to stm32f10x_usart.o(.text) for USART_Init
    usart.o(.text) refers to usart.o(.data) for USART_RX_STA
    usart.o(.text) refers to usart.o(.bss) for USART_RX_BUF
    led.o(.text) refers to stm32f10x_rcc.o(.text) for RCC_APB2PeriphClockCmd
    led.o(.text) refers to stm32f10x_gpio.o(.text) for GPIO_SetBits
    key.o(.text) refers to stm32f10x_rcc.o(.text) for RCC_APB2PeriphClockCmd
    key.o(.text) refers to stm32f10x_gpio.o(.text) for GPIO_PinRemapConfig
    key.o(.text) refers to stm32f10x_gpio.o(.text) for GPIO_Init
    key.o(.text) refers to stm32f10x_gpio.o(.text) for GPIO_ReadInputDataBit
    key.o(.text) refers to delay.o(.text) for delay_ms
    key.o(.text) refers to key.o(.data) for key_up
    entry.o(.ARM.Collect$$$$00000000) refers (Special) to entry10a.o(.ARM.Collect$$$$0000000F) for __rt_final_cpp
    entry.o(.ARM.Collect$$$$00000000) refers (Special) to entry11a.o(.ARM.Collect$$$$00000011) for __rt_final_exit
    entry.o(.ARM.Collect$$$$00000000) refers (Special) to entry12b.o(.ARM.Collect$$$$0000000E) for __rt_lib_shutdown_fini
    entry.o(.ARM.Collect$$$$00000000) refers (Special) to entry7b.o(.ARM.Collect$$$$00000008) for _main_clock
    entry.o(.ARM.Collect$$$$00000000) refers (Special) to entry8b.o(.ARM.Collect$$$$0000000A) for _main_cpp_init
    entry.o(.ARM.Collect$$$$00000000) refers (Special) to entry9a.o(.ARM.Collect$$$$0000000B) for _main_init
    entry.o(.ARM.Collect$$$$00000000) refers (Special) to entry5.o(.ARM.Collect$$$$00000004) for _main_scatterload
    entry.o(.ARM.Collect$$$$00000000) refers (Special) to entry2.o(.ARM.Collect$$$$00000001) for _main_stk
    printfb.o(i.__0fprintf$bare) refers to printfb.o(i._printf_core) for _printf_core
    printfb.o(i.__0fprintf$bare) refers to usart.o(.text) for fputc
    printfb.o(i.__0printf$bare) refers to printfb.o(i._printf_core) for _printf_core
    printfb.o(i.__0printf$bare) refers to usart.o(.text) for fputc
    printfb.o(i.__0printf$bare) refers to usart.o(.data) for __stdout
    printfb.o(i.__0snprintf$bare) refers to printfb.o(i._printf_core) for _printf_core
    printfb.o(i.__0snprintf$bare) refers to printfb.o(i._snputc) for _snputc
    printfb.o(i.__0sprintf$bare) refers to printfb.o(i._printf_core) for _printf_core
    printfb.o(i.__0sprintf$bare) refers to printfb.o(i._sputc) for _sputc
    printfb.o(i.__0vfprintf$bare) refers to printfb.o(i._printf_core) for _printf_core
    printfb.o(i.__0vfprintf$bare) refers to usart.o(.text) for fputc
    printfb.o(i.__0vprintf$bare) refers to printfb.o(i._printf_core) for _printf_core
    printfb.o(i.__0vprintf$bare) refers to usart.o(.text) for fputc
    printfb.o(i.__0vprintf$bare) refers to usart.o(.data) for __stdout
    printfb.o(i.__0vsnprintf$bare) refers to printfb.o(i._printf_core) for _printf_core
    printfb.o(i.__0vsnprintf$bare) refers to printfb.o(i._snputc) for _snputc
    printfb.o(i.__0vsprintf$bare) refers to printfb.o(i._printf_core) for _printf_core
    printfb.o(i.__0vsprintf$bare) refers to printfb.o(i._sputc) for _sputc
    printf0.o(i.__0fprintf$0) refers to printf0.o(i._printf_core) for _printf_core
    printf0.o(i.__0fprintf$0) refers to usart.o(.text) for fputc
    printf0.o(i.__0printf$0) refers to printf0.o(i._printf_core) for _printf_core
    printf0.o(i.__0printf$0) refers to usart.o(.text) for fputc
    printf0.o(i.__0printf$0) refers to usart.o(.data) for __stdout
    printf0.o(i.__0snprintf$0) refers to printf0.o(i._printf_core) for _printf_core
    printf0.o(i.__0snprintf$0) refers to printf0.o(i._snputc) for _snputc
    printf0.o(i.__0sprintf$0) refers to printf0.o(i._printf_core) for _printf_core
    printf0.o(i.__0sprintf$0) refers to printf0.o(i._sputc) for _sputc
    printf0.o(i.__0vfprintf$0) refers to printf0.o(i._printf_core) for _printf_core
    printf0.o(i.__0vfprintf$0) refers to usart.o(.text) for fputc
    printf0.o(i.__0vprintf$0) refers to printf0.o(i._printf_core) for _printf_core
    printf0.o(i.__0vprintf$0) refers to usart.o(.text) for fputc
    printf0.o(i.__0vprintf$0) refers to usart.o(.data) for __stdout
    printf0.o(i.__0vsnprintf$0) refers to printf0.o(i._printf_core) for _printf_core
    printf0.o(i.__0vsnprintf$0) refers to printf0.o(i._snputc) for _snputc
    printf0.o(i.__0vsprintf$0) refers to printf0.o(i._printf_core) for _printf_core
    printf0.o(i.__0vsprintf$0) refers to printf0.o(i._sputc) for _sputc
    printf1.o(i.__0fprintf$1) refers to printf1.o(i._printf_core) for _printf_core
    printf1.o(i.__0fprintf$1) refers to usart.o(.text) for fputc
    printf1.o(i.__0printf$1) refers to printf1.o(i._printf_core) for _printf_core
    printf1.o(i.__0printf$1) refers to usart.o(.text) for fputc
    printf1.o(i.__0printf$1) refers to usart.o(.data) for __stdout
    printf1.o(i.__0snprintf$1) refers to printf1.o(i._printf_core) for _printf_core
    printf1.o(i.__0snprintf$1) refers to printf1.o(i._snputc) for _snputc
    printf1.o(i.__0sprintf$1) refers to printf1.o(i._printf_core) for _printf_core
    printf1.o(i.__0sprintf$1) refers to printf1.o(i._sputc) for _sputc
    printf1.o(i.__0vfprintf$1) refers to printf1.o(i._printf_core) for _printf_core
    printf1.o(i.__0vfprintf$1) refers to usart.o(.text) for fputc
    printf1.o(i.__0vprintf$1) refers to printf1.o(i._printf_core) for _printf_core
    printf1.o(i.__0vprintf$1) refers to usart.o(.text) for fputc
    printf1.o(i.__0vprintf$1) refers to usart.o(.data) for __stdout
    printf1.o(i.__0vsnprintf$1) refers to printf1.o(i._printf_core) for _printf_core
    printf1.o(i.__0vsnprintf$1) refers to printf1.o(i._snputc) for _snputc
    printf1.o(i.__0vsprintf$1) refers to printf1.o(i._printf_core) for _printf_core
    printf1.o(i.__0vsprintf$1) refers to printf1.o(i._sputc) for _sputc
    printf1.o(i._printf_core) refers to uidiv.o(.text) for __aeabi_uidivmod
    printf2.o(i.__0fprintf$2) refers to printf2.o(i._printf_core) for _printf_core
    printf2.o(i.__0fprintf$2) refers to usart.o(.text) for fputc
    printf2.o(i.__0printf$2) refers to printf2.o(i._printf_core) for _printf_core
    printf2.o(i.__0printf$2) refers to usart.o(.text) for fputc
    printf2.o(i.__0printf$2) refers to usart.o(.data) for __stdout
    printf2.o(i.__0snprintf$2) refers to printf2.o(i._printf_core) for _printf_core
    printf2.o(i.__0snprintf$2) refers to printf2.o(i._snputc) for _snputc
    printf2.o(i.__0sprintf$2) refers to printf2.o(i._printf_core) for _printf_core
    printf2.o(i.__0sprintf$2) refers to printf2.o(i._sputc) for _sputc
    printf2.o(i.__0vfprintf$2) refers to printf2.o(i._printf_core) for _printf_core
    printf2.o(i.__0vfprintf$2) refers to usart.o(.text) for fputc
    printf2.o(i.__0vprintf$2) refers to printf2.o(i._printf_core) for _printf_core
    printf2.o(i.__0vprintf$2) refers to usart.o(.text) for fputc
    printf2.o(i.__0vprintf$2) refers to usart.o(.data) for __stdout
    printf2.o(i.__0vsnprintf$2) refers to printf2.o(i._printf_core) for _printf_core
    printf2.o(i.__0vsnprintf$2) refers to printf2.o(i._snputc) for _snputc
    printf2.o(i.__0vsprintf$2) refers to printf2.o(i._printf_core) for _printf_core
    printf2.o(i.__0vsprintf$2) refers to printf2.o(i._sputc) for _sputc
    printf3.o(i.__0fprintf$3) refers to printf3.o(i._printf_core) for _printf_core
    printf3.o(i.__0fprintf$3) refers to usart.o(.text) for fputc
    printf3.o(i.__0printf$3) refers to printf3.o(i._printf_core) for _printf_core
    printf3.o(i.__0printf$3) refers to usart.o(.text) for fputc
    printf3.o(i.__0printf$3) refers to usart.o(.data) for __stdout
    printf3.o(i.__0snprintf$3) refers to printf3.o(i._printf_core) for _printf_core
    printf3.o(i.__0snprintf$3) refers to printf3.o(i._snputc) for _snputc
    printf3.o(i.__0sprintf$3) refers to printf3.o(i._printf_core) for _printf_core
    printf3.o(i.__0sprintf$3) refers to printf3.o(i._sputc) for _sputc
    printf3.o(i.__0vfprintf$3) refers to printf3.o(i._printf_core) for _printf_core
    printf3.o(i.__0vfprintf$3) refers to usart.o(.text) for fputc
    printf3.o(i.__0vprintf$3) refers to printf3.o(i._printf_core) for _printf_core
    printf3.o(i.__0vprintf$3) refers to usart.o(.text) for fputc
    printf3.o(i.__0vprintf$3) refers to usart.o(.data) for __stdout
    printf3.o(i.__0vsnprintf$3) refers to printf3.o(i._printf_core) for _printf_core
    printf3.o(i.__0vsnprintf$3) refers to printf3.o(i._snputc) for _snputc
    printf3.o(i.__0vsprintf$3) refers to printf3.o(i._printf_core) for _printf_core
    printf3.o(i.__0vsprintf$3) refers to printf3.o(i._sputc) for _sputc
    printf3.o(i._printf_core) refers to uidiv.o(.text) for __aeabi_uidivmod
    printf4.o(i.__0fprintf$4) refers to printf4.o(i._printf_core) for _printf_core
    printf4.o(i.__0fprintf$4) refers to usart.o(.text) for fputc
    printf4.o(i.__0printf$4) refers to printf4.o(i._printf_core) for _printf_core
    printf4.o(i.__0printf$4) refers to usart.o(.text) for fputc
    printf4.o(i.__0printf$4) refers to usart.o(.data) for __stdout
    printf4.o(i.__0snprintf$4) refers to printf4.o(i._printf_core) for _printf_core
    printf4.o(i.__0snprintf$4) refers to printf4.o(i._snputc) for _snputc
    printf4.o(i.__0sprintf$4) refers to printf4.o(i._printf_core) for _printf_core
    printf4.o(i.__0sprintf$4) refers to printf4.o(i._sputc) for _sputc
    printf4.o(i.__0vfprintf$4) refers to printf4.o(i._printf_core) for _printf_core
    printf4.o(i.__0vfprintf$4) refers to usart.o(.text) for fputc
    printf4.o(i.__0vprintf$4) refers to printf4.o(i._printf_core) for _printf_core
    printf4.o(i.__0vprintf$4) refers to usart.o(.text) for fputc
    printf4.o(i.__0vprintf$4) refers to usart.o(.data) for __stdout
    printf4.o(i.__0vsnprintf$4) refers to printf4.o(i._printf_core) for _printf_core
    printf4.o(i.__0vsnprintf$4) refers to printf4.o(i._snputc) for _snputc
    printf4.o(i.__0vsprintf$4) refers to printf4.o(i._printf_core) for _printf_core
    printf4.o(i.__0vsprintf$4) refers to printf4.o(i._sputc) for _sputc
    printf4.o(i._printf_core) refers to uldiv.o(.text) for __aeabi_uldivmod
    printf5.o(i.__0fprintf$5) refers to printf5.o(i._printf_core) for _printf_core
    printf5.o(i.__0fprintf$5) refers to usart.o(.text) for fputc
    printf5.o(i.__0printf$5) refers to printf5.o(i._printf_core) for _printf_core
    printf5.o(i.__0printf$5) refers to usart.o(.text) for fputc
    printf5.o(i.__0printf$5) refers to usart.o(.data) for __stdout
    printf5.o(i.__0snprintf$5) refers to printf5.o(i._printf_core) for _printf_core
    printf5.o(i.__0snprintf$5) refers to printf5.o(i._snputc) for _snputc
    printf5.o(i.__0sprintf$5) refers to printf5.o(i._printf_core) for _printf_core
    printf5.o(i.__0sprintf$5) refers to printf5.o(i._sputc) for _sputc
    printf5.o(i.__0vfprintf$5) refers to printf5.o(i._printf_core) for _printf_core
    printf5.o(i.__0vfprintf$5) refers to usart.o(.text) for fputc
    printf5.o(i.__0vprintf$5) refers to printf5.o(i._printf_core) for _printf_core
    printf5.o(i.__0vprintf$5) refers to usart.o(.text) for fputc
    printf5.o(i.__0vprintf$5) refers to usart.o(.data) for __stdout
    printf5.o(i.__0vsnprintf$5) refers to printf5.o(i._printf_core) for _printf_core
    printf5.o(i.__0vsnprintf$5) refers to printf5.o(i._snputc) for _snputc
    printf5.o(i.__0vsprintf$5) refers to printf5.o(i._printf_core) for _printf_core
    printf5.o(i.__0vsprintf$5) refers to printf5.o(i._sputc) for _sputc
    printf5.o(i._printf_core) refers to uldiv.o(.text) for __aeabi_uldivmod
    printf6.o(i.__0fprintf$6) refers to printf6.o(i._printf_core) for _printf_core
    printf6.o(i.__0fprintf$6) refers to usart.o(.text) for fputc
    printf6.o(i.__0printf$6) refers to printf6.o(i._printf_core) for _printf_core
    printf6.o(i.__0printf$6) refers to usart.o(.text) for fputc
    printf6.o(i.__0printf$6) refers to usart.o(.data) for __stdout
    printf6.o(i.__0snprintf$6) refers to printf6.o(i._printf_core) for _printf_core
    printf6.o(i.__0snprintf$6) refers to printf6.o(i._snputc) for _snputc
    printf6.o(i.__0sprintf$6) refers to printf6.o(i._printf_core) for _printf_core
    printf6.o(i.__0sprintf$6) refers to printf6.o(i._sputc) for _sputc
    printf6.o(i.__0vfprintf$6) refers to printf6.o(i._printf_core) for _printf_core
    printf6.o(i.__0vfprintf$6) refers to usart.o(.text) for fputc
    printf6.o(i.__0vprintf$6) refers to printf6.o(i._printf_core) for _printf_core
    printf6.o(i.__0vprintf$6) refers to usart.o(.text) for fputc
    printf6.o(i.__0vprintf$6) refers to usart.o(.data) for __stdout
    printf6.o(i.__0vsnprintf$6) refers to printf6.o(i._printf_core) for _printf_core
    printf6.o(i.__0vsnprintf$6) refers to printf6.o(i._snputc) for _snputc
    printf6.o(i.__0vsprintf$6) refers to printf6.o(i._printf_core) for _printf_core
    printf6.o(i.__0vsprintf$6) refers to printf6.o(i._sputc) for _sputc
    printf6.o(i._printf_core) refers to printf6.o(i._printf_pre_padding) for _printf_pre_padding
    printf6.o(i._printf_core) refers to uidiv.o(.text) for __aeabi_uidivmod
    printf6.o(i._printf_core) refers to printf6.o(i._printf_post_padding) for _printf_post_padding
    printf7.o(i.__0fprintf$7) refers to printf7.o(i._printf_core) for _printf_core
    printf7.o(i.__0fprintf$7) refers to usart.o(.text) for fputc
    printf7.o(i.__0printf$7) refers to printf7.o(i._printf_core) for _printf_core
    printf7.o(i.__0printf$7) refers to usart.o(.text) for fputc
    printf7.o(i.__0printf$7) refers to usart.o(.data) for __stdout
    printf7.o(i.__0snprintf$7) refers to printf7.o(i._printf_core) for _printf_core
    printf7.o(i.__0snprintf$7) refers to printf7.o(i._snputc) for _snputc
    printf7.o(i.__0sprintf$7) refers to printf7.o(i._printf_core) for _printf_core
    printf7.o(i.__0sprintf$7) refers to printf7.o(i._sputc) for _sputc
    printf7.o(i.__0vfprintf$7) refers to printf7.o(i._printf_core) for _printf_core
    printf7.o(i.__0vfprintf$7) refers to usart.o(.text) for fputc
    printf7.o(i.__0vprintf$7) refers to printf7.o(i._printf_core) for _printf_core
    printf7.o(i.__0vprintf$7) refers to usart.o(.text) for fputc
    printf7.o(i.__0vprintf$7) refers to usart.o(.data) for __stdout
    printf7.o(i.__0vsnprintf$7) refers to printf7.o(i._printf_core) for _printf_core
    printf7.o(i.__0vsnprintf$7) refers to printf7.o(i._snputc) for _snputc
    printf7.o(i.__0vsprintf$7) refers to printf7.o(i._printf_core) for _printf_core
    printf7.o(i.__0vsprintf$7) refers to printf7.o(i._sputc) for _sputc
    printf7.o(i._printf_core) refers to printf7.o(i._printf_pre_padding) for _printf_pre_padding
    printf7.o(i._printf_core) refers to uldiv.o(.text) for __aeabi_uldivmod
    printf7.o(i._printf_core) refers to printf7.o(i._printf_post_padding) for _printf_post_padding
    printf8.o(i.__0fprintf$8) refers to printf8.o(i._printf_core) for _printf_core
    printf8.o(i.__0fprintf$8) refers to usart.o(.text) for fputc
    printf8.o(i.__0printf$8) refers to printf8.o(i._printf_core) for _printf_core
    printf8.o(i.__0printf$8) refers to usart.o(.text) for fputc
    printf8.o(i.__0printf$8) refers to usart.o(.data) for __stdout
    printf8.o(i.__0snprintf$8) refers to printf8.o(i._printf_core) for _printf_core
    printf8.o(i.__0snprintf$8) refers to printf8.o(i._snputc) for _snputc
    printf8.o(i.__0sprintf$8) refers to printf8.o(i._printf_core) for _printf_core
    printf8.o(i.__0sprintf$8) refers to printf8.o(i._sputc) for _sputc
    printf8.o(i.__0vfprintf$8) refers to printf8.o(i._printf_core) for _printf_core
    printf8.o(i.__0vfprintf$8) refers to usart.o(.text) for fputc
    printf8.o(i.__0vprintf$8) refers to printf8.o(i._printf_core) for _printf_core
    printf8.o(i.__0vprintf$8) refers to usart.o(.text) for fputc
    printf8.o(i.__0vprintf$8) refers to usart.o(.data) for __stdout
    printf8.o(i.__0vsnprintf$8) refers to printf8.o(i._printf_core) for _printf_core
    printf8.o(i.__0vsnprintf$8) refers to printf8.o(i._snputc) for _snputc
    printf8.o(i.__0vsprintf$8) refers to printf8.o(i._printf_core) for _printf_core
    printf8.o(i.__0vsprintf$8) refers to printf8.o(i._sputc) for _sputc
    printf8.o(i._printf_core) refers to printf8.o(i._printf_pre_padding) for _printf_pre_padding
    printf8.o(i._printf_core) refers to uldiv.o(.text) for __aeabi_uldivmod
    printf8.o(i._printf_core) refers to printf8.o(i._printf_post_padding) for _printf_post_padding
    printfa.o(i.__0fprintf) refers (Special) to iusefp.o(.text) for __I$use$fp
    printfa.o(i.__0fprintf) refers to printfa.o(i._printf_core) for _printf_core
    printfa.o(i.__0fprintf) refers to usart.o(.text) for fputc
    printfa.o(i.__0printf) refers (Special) to iusefp.o(.text) for __I$use$fp
    printfa.o(i.__0printf) refers to printfa.o(i._printf_core) for _printf_core
    printfa.o(i.__0printf) refers to usart.o(.text) for fputc
    printfa.o(i.__0printf) refers to usart.o(.data) for __stdout
    printfa.o(i.__0snprintf) refers (Special) to iusefp.o(.text) for __I$use$fp
    printfa.o(i.__0snprintf) refers to printfa.o(i._printf_core) for _printf_core
    printfa.o(i.__0snprintf) refers to printfa.o(i._snputc) for _snputc
    printfa.o(i.__0sprintf) refers (Special) to iusefp.o(.text) for __I$use$fp
    printfa.o(i.__0sprintf) refers to printfa.o(i._printf_core) for _printf_core
    printfa.o(i.__0sprintf) refers to printfa.o(i._sputc) for _sputc
    printfa.o(i.__0vfprintf) refers (Special) to iusefp.o(.text) for __I$use$fp
    printfa.o(i.__0vfprintf) refers to printfa.o(i._printf_core) for _printf_core
    printfa.o(i.__0vfprintf) refers to usart.o(.text) for fputc
    printfa.o(i.__0vprintf) refers (Special) to iusefp.o(.text) for __I$use$fp
    printfa.o(i.__0vprintf) refers to printfa.o(i._printf_core) for _printf_core
    printfa.o(i.__0vprintf) refers to usart.o(.text) for fputc
    printfa.o(i.__0vprintf) refers to usart.o(.data) for __stdout
    printfa.o(i.__0vsnprintf) refers (Special) to iusefp.o(.text) for __I$use$fp
    printfa.o(i.__0vsnprintf) refers to printfa.o(i._printf_core) for _printf_core
    printfa.o(i.__0vsnprintf) refers to printfa.o(i._snputc) for _snputc
    printfa.o(i.__0vsprintf) refers (Special) to iusefp.o(.text) for __I$use$fp
    printfa.o(i.__0vsprintf) refers to printfa.o(i._printf_core) for _printf_core
    printfa.o(i.__0vsprintf) refers to printfa.o(i._sputc) for _sputc
    printfa.o(i._fp_digits) refers (Special) to iusefp.o(.text) for __I$use$fp
    printfa.o(i._fp_digits) refers to dmul.o(.text) for __aeabi_dmul
    printfa.o(i._fp_digits) refers to ddiv.o(.text) for __aeabi_ddiv
    printfa.o(i._fp_digits) refers to cdrcmple.o(.text) for __aeabi_cdrcmple
    printfa.o(i._fp_digits) refers to dadd.o(.text) for __aeabi_dadd
    printfa.o(i._fp_digits) refers to dfixul.o(.text) for __aeabi_d2ulz
    printfa.o(i._fp_digits) refers to uldiv.o(.text) for __aeabi_uldivmod
    printfa.o(i._printf_core) refers (Special) to iusefp.o(.text) for __I$use$fp
    printfa.o(i._printf_core) refers to printfa.o(i._printf_pre_padding) for _printf_pre_padding
    printfa.o(i._printf_core) refers to uldiv.o(.text) for __aeabi_uldivmod
    printfa.o(i._printf_core) refers to printfa.o(i._printf_post_padding) for _printf_post_padding
    printfa.o(i._printf_core) refers to printfa.o(i._fp_digits) for _fp_digits
    printfa.o(i._printf_core) refers to uidiv.o(.text) for __aeabi_uidivmod
    printfa.o(i._printf_post_padding) refers (Special) to iusefp.o(.text) for __I$use$fp
    printfa.o(i._printf_pre_padding) refers (Special) to iusefp.o(.text) for __I$use$fp
    printfa.o(i._snputc) refers (Special) to iusefp.o(.text) for __I$use$fp
    printfa.o(i._sputc) refers (Special) to iusefp.o(.text) for __I$use$fp
    entry2.o(.ARM.Collect$$$$00000001) refers to entry2.o(.ARM.Collect$$$$00002712) for __lit__00000000
    entry2.o(.ARM.Collect$$$$00002712) refers to startup_stm32f10x_hd.o(STACK) for __initial_sp
    entry2.o(__vectab_stack_and_reset_area) refers to startup_stm32f10x_hd.o(STACK) for __initial_sp
    entry2.o(__vectab_stack_and_reset_area) refers to entry.o(.ARM.Collect$$$$00000000) for __main
    entry5.o(.ARM.Collect$$$$00000004) refers to init.o(.text) for __scatterload
    entry9a.o(.ARM.Collect$$$$0000000B) refers to main.o(.text) for main
    entry9b.o(.ARM.Collect$$$$0000000C) refers to main.o(.text) for main
    uldiv.o(.text) refers to llushr.o(.text) for __aeabi_llsr
    uldiv.o(.text) refers to llshl.o(.text) for __aeabi_llsl
    dadd.o(.text) refers to llshl.o(.text) for __aeabi_llsl
    dadd.o(.text) refers to llsshr.o(.text) for __aeabi_lasr
    dadd.o(.text) refers to depilogue.o(.text) for _double_epilogue
    dmul.o(.text) refers to depilogue.o(.text) for _double_epilogue
    ddiv.o(.text) refers to depilogue.o(.text) for _double_round
    dfixul.o(.text) refers to llushr.o(.text) for __aeabi_llsr
    dfixul.o(.text) refers to llshl.o(.text) for __aeabi_llsl
    init.o(.text) refers to entry5.o(.ARM.Collect$$$$00000004) for __main_after_scatterload
    depilogue.o(.text) refers to llshl.o(.text) for __aeabi_llsl
    depilogue.o(.text) refers to llushr.o(.text) for __aeabi_llsr


==============================================================================

Removing Unused input sections from the image.

    Removing system_stm32f10x.o(.text), (164 bytes).
    Removing core_cm3.o(.emb_text), (32 bytes).
    Removing startup_stm32f10x_hd.o(HEAP), (512 bytes).
    Removing misc.o(.text), (20 bytes).
    Removing misc.o(.text), (32 bytes).
    Removing stm32f10x_adc.o(.text), (92 bytes).
    Removing stm32f10x_adc.o(.text), (80 bytes).
    Removing stm32f10x_adc.o(.text), (18 bytes).
    Removing stm32f10x_adc.o(.text), (22 bytes).
    Removing stm32f10x_adc.o(.text), (22 bytes).
    Removing stm32f10x_adc.o(.text), (24 bytes).
    Removing stm32f10x_adc.o(.text), (10 bytes).
    Removing stm32f10x_adc.o(.text), (20 bytes).
    Removing stm32f10x_adc.o(.text), (10 bytes).
    Removing stm32f10x_adc.o(.text), (20 bytes).
    Removing stm32f10x_adc.o(.text), (22 bytes).
    Removing stm32f10x_adc.o(.text), (20 bytes).
    Removing stm32f10x_adc.o(.text), (24 bytes).
    Removing stm32f10x_adc.o(.text), (22 bytes).
    Removing stm32f10x_adc.o(.text), (184 bytes).
    Removing stm32f10x_adc.o(.text), (22 bytes).
    Removing stm32f10x_adc.o(.text), (8 bytes).
    Removing stm32f10x_adc.o(.text), (12 bytes).
    Removing stm32f10x_adc.o(.text), (22 bytes).
    Removing stm32f10x_adc.o(.text), (22 bytes).
    Removing stm32f10x_adc.o(.text), (16 bytes).
    Removing stm32f10x_adc.o(.text), (22 bytes).
    Removing stm32f10x_adc.o(.text), (22 bytes).
    Removing stm32f10x_adc.o(.text), (20 bytes).
    Removing stm32f10x_adc.o(.text), (130 bytes).
    Removing stm32f10x_adc.o(.text), (24 bytes).
    Removing stm32f10x_adc.o(.text), (20 bytes).
    Removing stm32f10x_adc.o(.text), (28 bytes).
    Removing stm32f10x_adc.o(.text), (20 bytes).
    Removing stm32f10x_adc.o(.text), (6 bytes).
    Removing stm32f10x_adc.o(.text), (16 bytes).
    Removing stm32f10x_adc.o(.text), (36 bytes).
    Removing stm32f10x_adc.o(.text), (18 bytes).
    Removing stm32f10x_adc.o(.text), (6 bytes).
    Removing stm32f10x_adc.o(.text), (36 bytes).
    Removing stm32f10x_adc.o(.text), (10 bytes).
    Removing stm32f10x_bkp.o(.text), (16 bytes).
    Removing stm32f10x_bkp.o(.text), (12 bytes).
    Removing stm32f10x_bkp.o(.text), (12 bytes).
    Removing stm32f10x_bkp.o(.text), (12 bytes).
    Removing stm32f10x_bkp.o(.text), (28 bytes).
    Removing stm32f10x_bkp.o(.text), (28 bytes).
    Removing stm32f10x_bkp.o(.text), (28 bytes).
    Removing stm32f10x_bkp.o(.text), (28 bytes).
    Removing stm32f10x_bkp.o(.text), (12 bytes).
    Removing stm32f10x_bkp.o(.text), (20 bytes).
    Removing stm32f10x_bkp.o(.text), (12 bytes).
    Removing stm32f10x_bkp.o(.text), (20 bytes).
    Removing stm32f10x_can.o(.text), (56 bytes).
    Removing stm32f10x_can.o(.text), (276 bytes).
    Removing stm32f10x_can.o(.text), (264 bytes).
    Removing stm32f10x_can.o(.text), (32 bytes).
    Removing stm32f10x_can.o(.text), (52 bytes).
    Removing stm32f10x_can.o(.text), (22 bytes).
    Removing stm32f10x_can.o(.text), (118 bytes).
    Removing stm32f10x_can.o(.text), (294 bytes).
    Removing stm32f10x_can.o(.text), (160 bytes).
    Removing stm32f10x_can.o(.text), (48 bytes).
    Removing stm32f10x_can.o(.text), (240 bytes).
    Removing stm32f10x_can.o(.text), (22 bytes).
    Removing stm32f10x_can.o(.text), (30 bytes).
    Removing stm32f10x_can.o(.text), (162 bytes).
    Removing stm32f10x_can.o(.text), (30 bytes).
    Removing stm32f10x_can.o(.text), (48 bytes).
    Removing stm32f10x_can.o(.text), (12 bytes).
    Removing stm32f10x_can.o(.text), (10 bytes).
    Removing stm32f10x_can.o(.text), (12 bytes).
    Removing stm32f10x_can.o(.text), (18 bytes).
    Removing stm32f10x_can.o(.text), (120 bytes).
    Removing stm32f10x_can.o(.text), (56 bytes).
    Removing stm32f10x_can.o(.text), (18 bytes).
    Removing stm32f10x_can.o(.text), (288 bytes).
    Removing stm32f10x_can.o(.text), (168 bytes).
    Removing stm32f10x_cec.o(.text), (22 bytes).
    Removing stm32f10x_cec.o(.text), (32 bytes).
    Removing stm32f10x_cec.o(.text), (32 bytes).
    Removing stm32f10x_cec.o(.text), (12 bytes).
    Removing stm32f10x_cec.o(.text), (12 bytes).
    Removing stm32f10x_cec.o(.text), (12 bytes).
    Removing stm32f10x_cec.o(.text), (12 bytes).
    Removing stm32f10x_cec.o(.text), (12 bytes).
    Removing stm32f10x_cec.o(.text), (12 bytes).
    Removing stm32f10x_cec.o(.text), (12 bytes).
    Removing stm32f10x_cec.o(.text), (48 bytes).
    Removing stm32f10x_cec.o(.text), (36 bytes).
    Removing stm32f10x_cec.o(.text), (40 bytes).
    Removing stm32f10x_cec.o(.text), (36 bytes).
    Removing stm32f10x_crc.o(.text), (12 bytes).
    Removing stm32f10x_crc.o(.text), (16 bytes).
    Removing stm32f10x_crc.o(.text), (36 bytes).
    Removing stm32f10x_crc.o(.text), (12 bytes).
    Removing stm32f10x_crc.o(.text), (12 bytes).
    Removing stm32f10x_crc.o(.text), (12 bytes).
    Removing stm32f10x_dac.o(.text), (22 bytes).
    Removing stm32f10x_dac.o(.text), (52 bytes).
    Removing stm32f10x_dac.o(.text), (12 bytes).
    Removing stm32f10x_dac.o(.text), (40 bytes).
    Removing stm32f10x_dac.o(.text), (44 bytes).
    Removing stm32f10x_dac.o(.text), (44 bytes).
    Removing stm32f10x_dac.o(.text), (36 bytes).
    Removing stm32f10x_dac.o(.text), (40 bytes).
    Removing stm32f10x_dac.o(.text), (32 bytes).
    Removing stm32f10x_dac.o(.text), (32 bytes).
    Removing stm32f10x_dac.o(.text), (36 bytes).
    Removing stm32f10x_dac.o(.text), (36 bytes).
    Removing stm32f10x_dbgmcu.o(.text), (12 bytes).
    Removing stm32f10x_dbgmcu.o(.text), (16 bytes).
    Removing stm32f10x_dbgmcu.o(.text), (32 bytes).
    Removing stm32f10x_dma.o(.text), (332 bytes).
    Removing stm32f10x_dma.o(.text), (60 bytes).
    Removing stm32f10x_dma.o(.text), (26 bytes).
    Removing stm32f10x_dma.o(.text), (24 bytes).
    Removing stm32f10x_dma.o(.text), (18 bytes).
    Removing stm32f10x_dma.o(.text), (4 bytes).
    Removing stm32f10x_dma.o(.text), (8 bytes).
    Removing stm32f10x_dma.o(.text), (44 bytes).
    Removing stm32f10x_dma.o(.text), (28 bytes).
    Removing stm32f10x_dma.o(.text), (44 bytes).
    Removing stm32f10x_dma.o(.text), (28 bytes).
    Removing stm32f10x_exti.o(.text), (36 bytes).
    Removing stm32f10x_exti.o(.text), (148 bytes).
    Removing stm32f10x_exti.o(.text), (16 bytes).
    Removing stm32f10x_exti.o(.text), (16 bytes).
    Removing stm32f10x_exti.o(.text), (24 bytes).
    Removing stm32f10x_exti.o(.text), (12 bytes).
    Removing stm32f10x_exti.o(.text), (40 bytes).
    Removing stm32f10x_exti.o(.text), (12 bytes).
    Removing stm32f10x_flash.o(.text), (24 bytes).
    Removing stm32f10x_flash.o(.text), (28 bytes).
    Removing stm32f10x_flash.o(.text), (28 bytes).
    Removing stm32f10x_flash.o(.text), (24 bytes).
    Removing stm32f10x_flash.o(.text), (24 bytes).
    Removing stm32f10x_flash.o(.text), (20 bytes).
    Removing stm32f10x_flash.o(.text), (20 bytes).
    Removing stm32f10x_flash.o(.text), (52 bytes).
    Removing stm32f10x_flash.o(.text), (38 bytes).
    Removing stm32f10x_flash.o(.text), (76 bytes).
    Removing stm32f10x_flash.o(.text), (72 bytes).
    Removing stm32f10x_flash.o(.text), (38 bytes).
    Removing stm32f10x_flash.o(.text), (72 bytes).
    Removing stm32f10x_flash.o(.text), (24 bytes).
    Removing stm32f10x_flash.o(.text), (168 bytes).
    Removing stm32f10x_flash.o(.text), (108 bytes).
    Removing stm32f10x_flash.o(.text), (64 bytes).
    Removing stm32f10x_flash.o(.text), (84 bytes).
    Removing stm32f10x_flash.o(.text), (196 bytes).
    Removing stm32f10x_flash.o(.text), (172 bytes).
    Removing stm32f10x_flash.o(.text), (104 bytes).
    Removing stm32f10x_flash.o(.text), (12 bytes).
    Removing stm32f10x_flash.o(.text), (12 bytes).
    Removing stm32f10x_flash.o(.text), (24 bytes).
    Removing stm32f10x_flash.o(.text), (32 bytes).
    Removing stm32f10x_flash.o(.text), (48 bytes).
    Removing stm32f10x_flash.o(.text), (12 bytes).
    Removing stm32f10x_flash.o(.text), (52 bytes).
    Removing stm32f10x_fsmc.o(.text), (54 bytes).
    Removing stm32f10x_fsmc.o(.text), (68 bytes).
    Removing stm32f10x_fsmc.o(.text), (40 bytes).
    Removing stm32f10x_fsmc.o(.text), (230 bytes).
    Removing stm32f10x_fsmc.o(.text), (136 bytes).
    Removing stm32f10x_fsmc.o(.text), (132 bytes).
    Removing stm32f10x_fsmc.o(.text), (114 bytes).
    Removing stm32f10x_fsmc.o(.text), (54 bytes).
    Removing stm32f10x_fsmc.o(.text), (60 bytes).
    Removing stm32f10x_fsmc.o(.text), (52 bytes).
    Removing stm32f10x_fsmc.o(.text), (92 bytes).
    Removing stm32f10x_fsmc.o(.text), (48 bytes).
    Removing stm32f10x_fsmc.o(.text), (92 bytes).
    Removing stm32f10x_fsmc.o(.text), (28 bytes).
    Removing stm32f10x_fsmc.o(.text), (128 bytes).
    Removing stm32f10x_fsmc.o(.text), (56 bytes).
    Removing stm32f10x_fsmc.o(.text), (64 bytes).
    Removing stm32f10x_fsmc.o(.text), (68 bytes).
    Removing stm32f10x_fsmc.o(.text), (72 bytes).
    Removing stm32f10x_gpio.o(.text), (200 bytes).
    Removing stm32f10x_gpio.o(.text), (20 bytes).
    Removing stm32f10x_gpio.o(.text), (16 bytes).
    Removing stm32f10x_gpio.o(.text), (18 bytes).
    Removing stm32f10x_gpio.o(.text), (8 bytes).
    Removing stm32f10x_gpio.o(.text), (18 bytes).
    Removing stm32f10x_gpio.o(.text), (8 bytes).
    Removing stm32f10x_gpio.o(.text), (4 bytes).
    Removing stm32f10x_gpio.o(.text), (10 bytes).
    Removing stm32f10x_gpio.o(.text), (4 bytes).
    Removing stm32f10x_gpio.o(.text), (18 bytes).
    Removing stm32f10x_gpio.o(.text), (32 bytes).
    Removing stm32f10x_gpio.o(.text), (12 bytes).
    Removing stm32f10x_gpio.o(.text), (144 bytes).
    Removing stm32f10x_gpio.o(.text), (64 bytes).
    Removing stm32f10x_gpio.o(.text), (12 bytes).
    Removing stm32f10x_i2c.o(.text), (56 bytes).
    Removing stm32f10x_i2c.o(.text), (236 bytes).
    Removing stm32f10x_i2c.o(.text), (30 bytes).
    Removing stm32f10x_i2c.o(.text), (24 bytes).
    Removing stm32f10x_i2c.o(.text), (24 bytes).
    Removing stm32f10x_i2c.o(.text), (24 bytes).
    Removing stm32f10x_i2c.o(.text), (24 bytes).
    Removing stm32f10x_i2c.o(.text), (24 bytes).
    Removing stm32f10x_i2c.o(.text), (24 bytes).
    Removing stm32f10x_i2c.o(.text), (22 bytes).
    Removing stm32f10x_i2c.o(.text), (24 bytes).
    Removing stm32f10x_i2c.o(.text), (24 bytes).
    Removing stm32f10x_i2c.o(.text), (18 bytes).
    Removing stm32f10x_i2c.o(.text), (4 bytes).
    Removing stm32f10x_i2c.o(.text), (8 bytes).
    Removing stm32f10x_i2c.o(.text), (18 bytes).
    Removing stm32f10x_i2c.o(.text), (22 bytes).
    Removing stm32f10x_i2c.o(.text), (22 bytes).
    Removing stm32f10x_i2c.o(.text), (28 bytes).
    Removing stm32f10x_i2c.o(.text), (28 bytes).
    Removing stm32f10x_i2c.o(.text), (24 bytes).
    Removing stm32f10x_i2c.o(.text), (28 bytes).
    Removing stm32f10x_i2c.o(.text), (24 bytes).
    Removing stm32f10x_i2c.o(.text), (8 bytes).
    Removing stm32f10x_i2c.o(.text), (24 bytes).
    Removing stm32f10x_i2c.o(.text), (24 bytes).
    Removing stm32f10x_i2c.o(.text), (28 bytes).
    Removing stm32f10x_i2c.o(.text), (42 bytes).
    Removing stm32f10x_i2c.o(.text), (26 bytes).
    Removing stm32f10x_i2c.o(.text), (58 bytes).
    Removing stm32f10x_i2c.o(.text), (12 bytes).
    Removing stm32f10x_i2c.o(.text), (38 bytes).
    Removing stm32f10x_i2c.o(.text), (12 bytes).
    Removing stm32f10x_iwdg.o(.text), (12 bytes).
    Removing stm32f10x_iwdg.o(.text), (12 bytes).
    Removing stm32f10x_iwdg.o(.text), (12 bytes).
    Removing stm32f10x_iwdg.o(.text), (16 bytes).
    Removing stm32f10x_iwdg.o(.text), (16 bytes).
    Removing stm32f10x_iwdg.o(.text), (24 bytes).
    Removing stm32f10x_pwr.o(.text), (22 bytes).
    Removing stm32f10x_pwr.o(.text), (12 bytes).
    Removing stm32f10x_pwr.o(.text), (12 bytes).
    Removing stm32f10x_pwr.o(.text), (24 bytes).
    Removing stm32f10x_pwr.o(.text), (12 bytes).
    Removing stm32f10x_pwr.o(.text), (64 bytes).
    Removing stm32f10x_pwr.o(.text), (52 bytes).
    Removing stm32f10x_pwr.o(.text), (24 bytes).
    Removing stm32f10x_pwr.o(.text), (20 bytes).
    Removing stm32f10x_rcc.o(.text), (76 bytes).
    Removing stm32f10x_rcc.o(.text), (76 bytes).
    Removing stm32f10x_rcc.o(.text), (60 bytes).
    Removing stm32f10x_rcc.o(.text), (56 bytes).
    Removing stm32f10x_rcc.o(.text), (24 bytes).
    Removing stm32f10x_rcc.o(.text), (12 bytes).
    Removing stm32f10x_rcc.o(.text), (28 bytes).
    Removing stm32f10x_rcc.o(.text), (12 bytes).
    Removing stm32f10x_rcc.o(.text), (24 bytes).
    Removing stm32f10x_rcc.o(.text), (16 bytes).
    Removing stm32f10x_rcc.o(.text), (24 bytes).
    Removing stm32f10x_rcc.o(.text), (24 bytes).
    Removing stm32f10x_rcc.o(.text), (24 bytes).
    Removing stm32f10x_rcc.o(.text), (32 bytes).
    Removing stm32f10x_rcc.o(.text), (12 bytes).
    Removing stm32f10x_rcc.o(.text), (24 bytes).
    Removing stm32f10x_rcc.o(.text), (52 bytes).
    Removing stm32f10x_rcc.o(.text), (12 bytes).
    Removing stm32f10x_rcc.o(.text), (16 bytes).
    Removing stm32f10x_rcc.o(.text), (12 bytes).
    Removing stm32f10x_rcc.o(.text), (32 bytes).
    Removing stm32f10x_rcc.o(.text), (32 bytes).
    Removing stm32f10x_rcc.o(.text), (32 bytes).
    Removing stm32f10x_rcc.o(.text), (32 bytes).
    Removing stm32f10x_rcc.o(.text), (12 bytes).
    Removing stm32f10x_rcc.o(.text), (12 bytes).
    Removing stm32f10x_rcc.o(.text), (12 bytes).
    Removing stm32f10x_rcc.o(.text), (20 bytes).
    Removing stm32f10x_rcc.o(.text), (24 bytes).
    Removing stm32f10x_rcc.o(.text), (12 bytes).
    Removing stm32f10x_rtc.o(.text), (32 bytes).
    Removing stm32f10x_rtc.o(.text), (20 bytes).
    Removing stm32f10x_rtc.o(.text), (20 bytes).
    Removing stm32f10x_rtc.o(.text), (20 bytes).
    Removing stm32f10x_rtc.o(.text), (28 bytes).
    Removing stm32f10x_rtc.o(.text), (32 bytes).
    Removing stm32f10x_rtc.o(.text), (28 bytes).
    Removing stm32f10x_rtc.o(.text), (24 bytes).
    Removing stm32f10x_rtc.o(.text), (20 bytes).
    Removing stm32f10x_rtc.o(.text), (36 bytes).
    Removing stm32f10x_rtc.o(.text), (24 bytes).
    Removing stm32f10x_rtc.o(.text), (16 bytes).
    Removing stm32f10x_rtc.o(.text), (36 bytes).
    Removing stm32f10x_rtc.o(.text), (16 bytes).
    Removing stm32f10x_sdio.o(.text), (36 bytes).
    Removing stm32f10x_sdio.o(.text), (48 bytes).
    Removing stm32f10x_sdio.o(.text), (16 bytes).
    Removing stm32f10x_sdio.o(.text), (12 bytes).
    Removing stm32f10x_sdio.o(.text), (28 bytes).
    Removing stm32f10x_sdio.o(.text), (16 bytes).
    Removing stm32f10x_sdio.o(.text), (32 bytes).
    Removing stm32f10x_sdio.o(.text), (12 bytes).
    Removing stm32f10x_sdio.o(.text), (44 bytes).
    Removing stm32f10x_sdio.o(.text), (14 bytes).
    Removing stm32f10x_sdio.o(.text), (12 bytes).
    Removing stm32f10x_sdio.o(.text), (24 bytes).
    Removing stm32f10x_sdio.o(.text), (48 bytes).
    Removing stm32f10x_sdio.o(.text), (20 bytes).
    Removing stm32f10x_sdio.o(.text), (12 bytes).
    Removing stm32f10x_sdio.o(.text), (12 bytes).
    Removing stm32f10x_sdio.o(.text), (12 bytes).
    Removing stm32f10x_sdio.o(.text), (12 bytes).
    Removing stm32f10x_sdio.o(.text), (12 bytes).
    Removing stm32f10x_sdio.o(.text), (12 bytes).
    Removing stm32f10x_sdio.o(.text), (12 bytes).
    Removing stm32f10x_sdio.o(.text), (12 bytes).
    Removing stm32f10x_sdio.o(.text), (12 bytes).
    Removing stm32f10x_sdio.o(.text), (12 bytes).
    Removing stm32f10x_sdio.o(.text), (16 bytes).
    Removing stm32f10x_sdio.o(.text), (12 bytes).
    Removing stm32f10x_sdio.o(.text), (24 bytes).
    Removing stm32f10x_sdio.o(.text), (12 bytes).
    Removing stm32f10x_sdio.o(.text), (24 bytes).
    Removing stm32f10x_sdio.o(.text), (12 bytes).
    Removing stm32f10x_spi.o(.text), (88 bytes).
    Removing stm32f10x_spi.o(.text), (60 bytes).
    Removing stm32f10x_spi.o(.text), (232 bytes).
    Removing stm32f10x_spi.o(.text), (24 bytes).
    Removing stm32f10x_spi.o(.text), (20 bytes).
    Removing stm32f10x_spi.o(.text), (24 bytes).
    Removing stm32f10x_spi.o(.text), (24 bytes).
    Removing stm32f10x_spi.o(.text), (32 bytes).
    Removing stm32f10x_spi.o(.text), (18 bytes).
    Removing stm32f10x_spi.o(.text), (4 bytes).
    Removing stm32f10x_spi.o(.text), (6 bytes).
    Removing stm32f10x_spi.o(.text), (30 bytes).
    Removing stm32f10x_spi.o(.text), (24 bytes).
    Removing stm32f10x_spi.o(.text), (18 bytes).
    Removing stm32f10x_spi.o(.text), (10 bytes).
    Removing stm32f10x_spi.o(.text), (24 bytes).
    Removing stm32f10x_spi.o(.text), (16 bytes).
    Removing stm32f10x_spi.o(.text), (6 bytes).
    Removing stm32f10x_spi.o(.text), (28 bytes).
    Removing stm32f10x_spi.o(.text), (18 bytes).
    Removing stm32f10x_spi.o(.text), (6 bytes).
    Removing stm32f10x_spi.o(.text), (52 bytes).
    Removing stm32f10x_spi.o(.text), (20 bytes).
    Removing stm32f10x_tim.o(.text), (488 bytes).
    Removing stm32f10x_tim.o(.text), (164 bytes).
    Removing stm32f10x_tim.o(.text), (152 bytes).
    Removing stm32f10x_tim.o(.text), (164 bytes).
    Removing stm32f10x_tim.o(.text), (160 bytes).
    Removing stm32f10x_tim.o(.text), (124 bytes).
    Removing stm32f10x_tim.o(.text), (26 bytes).
    Removing stm32f10x_tim.o(.text), (512 bytes).
    Removing stm32f10x_tim.o(.text), (18 bytes).
    Removing stm32f10x_tim.o(.text), (26 bytes).
    Removing stm32f10x_tim.o(.text), (18 bytes).
    Removing stm32f10x_tim.o(.text), (172 bytes).
    Removing stm32f10x_tim.o(.text), (124 bytes).
    Removing stm32f10x_tim.o(.text), (32 bytes).
    Removing stm32f10x_tim.o(.text), (18 bytes).
    Removing stm32f10x_tim.o(.text), (20 bytes).
    Removing stm32f10x_tim.o(.text), (18 bytes).
    Removing stm32f10x_tim.o(.text), (18 bytes).
    Removing stm32f10x_tim.o(.text), (24 bytes).
    Removing stm32f10x_tim.o(.text), (30 bytes).
    Removing stm32f10x_tim.o(.text), (18 bytes).
    Removing stm32f10x_tim.o(.text), (4 bytes).
    Removing stm32f10x_tim.o(.text), (10 bytes).
    Removing stm32f10x_tim.o(.text), (18 bytes).
    Removing stm32f10x_tim.o(.text), (12 bytes).
    Removing stm32f10x_tim.o(.text), (18 bytes).
    Removing stm32f10x_tim.o(.text), (24 bytes).
    Removing stm32f10x_tim.o(.text), (62 bytes).
    Removing stm32f10x_tim.o(.text), (28 bytes).
    Removing stm32f10x_tim.o(.text), (54 bytes).
    Removing stm32f10x_tim.o(.text), (32 bytes).
    Removing stm32f10x_tim.o(.text), (6 bytes).
    Removing stm32f10x_tim.o(.text), (18 bytes).
    Removing stm32f10x_tim.o(.text), (66 bytes).
    Removing stm32f10x_tim.o(.text), (18 bytes).
    Removing stm32f10x_tim.o(.text), (26 bytes).
    Removing stm32f10x_tim.o(.text), (18 bytes).
    Removing stm32f10x_tim.o(.text), (26 bytes).
    Removing stm32f10x_tim.o(.text), (24 bytes).
    Removing stm32f10x_tim.o(.text), (24 bytes).
    Removing stm32f10x_tim.o(.text), (24 bytes).
    Removing stm32f10x_tim.o(.text), (24 bytes).
    Removing stm32f10x_tim.o(.text), (18 bytes).
    Removing stm32f10x_tim.o(.text), (26 bytes).
    Removing stm32f10x_tim.o(.text), (18 bytes).
    Removing stm32f10x_tim.o(.text), (26 bytes).
    Removing stm32f10x_tim.o(.text), (18 bytes).
    Removing stm32f10x_tim.o(.text), (26 bytes).
    Removing stm32f10x_tim.o(.text), (18 bytes).
    Removing stm32f10x_tim.o(.text), (26 bytes).
    Removing stm32f10x_tim.o(.text), (18 bytes).
    Removing stm32f10x_tim.o(.text), (24 bytes).
    Removing stm32f10x_tim.o(.text), (18 bytes).
    Removing stm32f10x_tim.o(.text), (24 bytes).
    Removing stm32f10x_tim.o(.text), (18 bytes).
    Removing stm32f10x_tim.o(.text), (18 bytes).
    Removing stm32f10x_tim.o(.text), (26 bytes).
    Removing stm32f10x_tim.o(.text), (26 bytes).
    Removing stm32f10x_tim.o(.text), (26 bytes).
    Removing stm32f10x_tim.o(.text), (26 bytes).
    Removing stm32f10x_tim.o(.text), (26 bytes).
    Removing stm32f10x_tim.o(.text), (30 bytes).
    Removing stm32f10x_tim.o(.text), (30 bytes).
    Removing stm32f10x_tim.o(.text), (82 bytes).
    Removing stm32f10x_tim.o(.text), (24 bytes).
    Removing stm32f10x_tim.o(.text), (24 bytes).
    Removing stm32f10x_tim.o(.text), (24 bytes).
    Removing stm32f10x_tim.o(.text), (18 bytes).
    Removing stm32f10x_tim.o(.text), (18 bytes).
    Removing stm32f10x_tim.o(.text), (18 bytes).
    Removing stm32f10x_tim.o(.text), (18 bytes).
    Removing stm32f10x_tim.o(.text), (4 bytes).
    Removing stm32f10x_tim.o(.text), (4 bytes).
    Removing stm32f10x_tim.o(.text), (4 bytes).
    Removing stm32f10x_tim.o(.text), (4 bytes).
    Removing stm32f10x_tim.o(.text), (4 bytes).
    Removing stm32f10x_tim.o(.text), (6 bytes).
    Removing stm32f10x_tim.o(.text), (18 bytes).
    Removing stm32f10x_tim.o(.text), (6 bytes).
    Removing stm32f10x_tim.o(.text), (6 bytes).
    Removing stm32f10x_tim.o(.text), (6 bytes).
    Removing stm32f10x_tim.o(.text), (8 bytes).
    Removing stm32f10x_tim.o(.text), (6 bytes).
    Removing stm32f10x_tim.o(.text), (6 bytes).
    Removing stm32f10x_tim.o(.text), (18 bytes).
    Removing stm32f10x_tim.o(.text), (6 bytes).
    Removing stm32f10x_tim.o(.text), (34 bytes).
    Removing stm32f10x_tim.o(.text), (6 bytes).
    Removing stm32f10x_usart.o(.text), (156 bytes).
    Removing stm32f10x_usart.o(.text), (24 bytes).
    Removing stm32f10x_usart.o(.text), (34 bytes).
    Removing stm32f10x_usart.o(.text), (12 bytes).
    Removing stm32f10x_usart.o(.text), (18 bytes).
    Removing stm32f10x_usart.o(.text), (18 bytes).
    Removing stm32f10x_usart.o(.text), (18 bytes).
    Removing stm32f10x_usart.o(.text), (24 bytes).
    Removing stm32f10x_usart.o(.text), (18 bytes).
    Removing stm32f10x_usart.o(.text), (24 bytes).
    Removing stm32f10x_usart.o(.text), (8 bytes).
    Removing stm32f10x_usart.o(.text), (10 bytes).
    Removing stm32f10x_usart.o(.text), (16 bytes).
    Removing stm32f10x_usart.o(.text), (16 bytes).
    Removing stm32f10x_usart.o(.text), (24 bytes).
    Removing stm32f10x_usart.o(.text), (24 bytes).
    Removing stm32f10x_usart.o(.text), (24 bytes).
    Removing stm32f10x_usart.o(.text), (22 bytes).
    Removing stm32f10x_usart.o(.text), (24 bytes).
    Removing stm32f10x_usart.o(.text), (18 bytes).
    Removing stm32f10x_usart.o(.text), (24 bytes).
    Removing stm32f10x_usart.o(.text), (26 bytes).
    Removing stm32f10x_usart.o(.text), (18 bytes).
    Removing stm32f10x_usart.o(.text), (30 bytes).
    Removing stm32f10x_wwdg.o(.text), (22 bytes).
    Removing stm32f10x_wwdg.o(.text), (24 bytes).
    Removing stm32f10x_wwdg.o(.text), (40 bytes).
    Removing stm32f10x_wwdg.o(.text), (12 bytes).
    Removing stm32f10x_wwdg.o(.text), (16 bytes).
    Removing stm32f10x_wwdg.o(.text), (16 bytes).
    Removing stm32f10x_wwdg.o(.text), (12 bytes).
    Removing stm32f10x_wwdg.o(.text), (12 bytes).
    Removing delay.o(.text), (76 bytes).
    Removing sys.o(.emb_text), (6 bytes).
    Removing sys.o(.text), (4 bytes).
    Removing sys.o(.text), (4 bytes).
    Removing sys.o(.text), (4 bytes).
    Removing usart.o(.text), (4 bytes).
    Removing key.o(.text), (96 bytes).
    Removing key.o(.text), (168 bytes).
    Removing key.o(.data), (1 bytes).
    Removing dadd.o(.text), (334 bytes).
    Removing dmul.o(.text), (228 bytes).
    Removing ddiv.o(.text), (222 bytes).
    Removing dfixul.o(.text), (48 bytes).
    Removing cdrcmple.o(.text), (48 bytes).
    Removing depilogue.o(.text), (186 bytes).

475 unused section(s) (total 20143 bytes) removed from the image.

==============================================================================

Image Symbol Table

    Local Symbols

    Symbol Name                              Value     Ov Type        Size  Object(Section)

    ../clib/microlib/division.c              0x00000000   Number         0  uldiv.o ABSOLUTE
    ../clib/microlib/division.c              0x00000000   Number         0  uidiv.o ABSOLUTE
    ../clib/microlib/init/entry.s            0x00000000   Number         0  entry11b.o ABSOLUTE
    ../clib/microlib/init/entry.s            0x00000000   Number         0  entry11a.o ABSOLUTE
    ../clib/microlib/init/entry.s            0x00000000   Number         0  entry10b.o ABSOLUTE
    ../clib/microlib/init/entry.s            0x00000000   Number         0  entry10a.o ABSOLUTE
    ../clib/microlib/init/entry.s            0x00000000   Number         0  entry9b.o ABSOLUTE
    ../clib/microlib/init/entry.s            0x00000000   Number         0  entry8a.o ABSOLUTE
    ../clib/microlib/init/entry.s            0x00000000   Number         0  entry9a.o ABSOLUTE
    ../clib/microlib/init/entry.s            0x00000000   Number         0  entry8b.o ABSOLUTE
    ../clib/microlib/init/entry.s            0x00000000   Number         0  entry.o ABSOLUTE
    ../clib/microlib/init/entry.s            0x00000000   Number         0  entry2.o ABSOLUTE
    ../clib/microlib/init/entry.s            0x00000000   Number         0  entry5.o ABSOLUTE
    ../clib/microlib/init/entry.s            0x00000000   Number         0  entry7a.o ABSOLUTE
    ../clib/microlib/init/entry.s            0x00000000   Number         0  entry7b.o ABSOLUTE
    ../clib/microlib/init/entry.s            0x00000000   Number         0  entry12a.o ABSOLUTE
    ../clib/microlib/init/entry.s            0x00000000   Number         0  entry12b.o ABSOLUTE
    ../clib/microlib/longlong.c              0x00000000   Number         0  llsshr.o ABSOLUTE
    ../clib/microlib/longlong.c              0x00000000   Number         0  llshl.o ABSOLUTE
    ../clib/microlib/longlong.c              0x00000000   Number         0  llushr.o ABSOLUTE
    ../clib/microlib/printf/printf.c         0x00000000   Number         0  printfa.o ABSOLUTE
    ../clib/microlib/printf/printf.c         0x00000000   Number         0  printf6.o ABSOLUTE
    ../clib/microlib/printf/printf.c         0x00000000   Number         0  printfb.o ABSOLUTE
    ../clib/microlib/printf/printf.c         0x00000000   Number         0  printf5.o ABSOLUTE
    ../clib/microlib/printf/printf.c         0x00000000   Number         0  printf8.o ABSOLUTE
    ../clib/microlib/printf/printf.c         0x00000000   Number         0  printf7.o ABSOLUTE
    ../clib/microlib/printf/printf.c         0x00000000   Number         0  printf4.o ABSOLUTE
    ../clib/microlib/printf/printf.c         0x00000000   Number         0  printf3.o ABSOLUTE
    ../clib/microlib/printf/printf.c         0x00000000   Number         0  printf2.o ABSOLUTE
    ../clib/microlib/printf/printf.c         0x00000000   Number         0  printf1.o ABSOLUTE
    ../clib/microlib/printf/printf.c         0x00000000   Number         0  printf0.o ABSOLUTE
    ../clib/microlib/stubs.s                 0x00000000   Number         0  useno.o ABSOLUTE
    ../clib/microlib/stubs.s                 0x00000000   Number         0  iusefp.o ABSOLUTE
    ../fplib/microlib/fpadd.c                0x00000000   Number         0  dadd.o ABSOLUTE
    ../fplib/microlib/fpdiv.c                0x00000000   Number         0  ddiv.o ABSOLUTE
    ../fplib/microlib/fpepilogue.c           0x00000000   Number         0  depilogue.o ABSOLUTE
    ../fplib/microlib/fpfix.c                0x00000000   Number         0  dfixul.o ABSOLUTE
    ../fplib/microlib/fpmul.c                0x00000000   Number         0  dmul.o ABSOLUTE
    ..\CORE\core_cm3.c                       0x00000000   Number         0  core_cm3.o ABSOLUTE
    ..\CORE\startup_stm32f10x_hd.s           0x00000000   Number         0  startup_stm32f10x_hd.o ABSOLUTE
    ..\HAREWARE\KEY\KEY.c                    0x00000000   Number         0  key.o ABSOLUTE
    ..\HAREWARE\LED\LED.c                    0x00000000   Number         0  led.o ABSOLUTE
    ..\HAREWARE\USART\USART.c                0x00000000   Number         0  usart_1.o ABSOLUTE
    ..\STM32F10x_FWLib\src\misc.c            0x00000000   Number         0  misc.o ABSOLUTE
    ..\STM32F10x_FWLib\src\stm32f10x_adc.c   0x00000000   Number         0  stm32f10x_adc.o ABSOLUTE
    ..\STM32F10x_FWLib\src\stm32f10x_bkp.c   0x00000000   Number         0  stm32f10x_bkp.o ABSOLUTE
    ..\STM32F10x_FWLib\src\stm32f10x_can.c   0x00000000   Number         0  stm32f10x_can.o ABSOLUTE
    ..\STM32F10x_FWLib\src\stm32f10x_cec.c   0x00000000   Number         0  stm32f10x_cec.o ABSOLUTE
    ..\STM32F10x_FWLib\src\stm32f10x_crc.c   0x00000000   Number         0  stm32f10x_crc.o ABSOLUTE
    ..\STM32F10x_FWLib\src\stm32f10x_dac.c   0x00000000   Number         0  stm32f10x_dac.o ABSOLUTE
    ..\STM32F10x_FWLib\src\stm32f10x_dbgmcu.c 0x00000000   Number         0  stm32f10x_dbgmcu.o ABSOLUTE
    ..\STM32F10x_FWLib\src\stm32f10x_dma.c   0x00000000   Number         0  stm32f10x_dma.o ABSOLUTE
    ..\STM32F10x_FWLib\src\stm32f10x_exti.c  0x00000000   Number         0  stm32f10x_exti.o ABSOLUTE
    ..\STM32F10x_FWLib\src\stm32f10x_flash.c 0x00000000   Number         0  stm32f10x_flash.o ABSOLUTE
    ..\STM32F10x_FWLib\src\stm32f10x_fsmc.c  0x00000000   Number         0  stm32f10x_fsmc.o ABSOLUTE
    ..\STM32F10x_FWLib\src\stm32f10x_gpio.c  0x00000000   Number         0  stm32f10x_gpio.o ABSOLUTE
    ..\STM32F10x_FWLib\src\stm32f10x_i2c.c   0x00000000   Number         0  stm32f10x_i2c.o ABSOLUTE
    ..\STM32F10x_FWLib\src\stm32f10x_iwdg.c  0x00000000   Number         0  stm32f10x_iwdg.o ABSOLUTE
    ..\STM32F10x_FWLib\src\stm32f10x_pwr.c   0x00000000   Number         0  stm32f10x_pwr.o ABSOLUTE
    ..\STM32F10x_FWLib\src\stm32f10x_rcc.c   0x00000000   Number         0  stm32f10x_rcc.o ABSOLUTE
    ..\STM32F10x_FWLib\src\stm32f10x_rtc.c   0x00000000   Number         0  stm32f10x_rtc.o ABSOLUTE
    ..\STM32F10x_FWLib\src\stm32f10x_sdio.c  0x00000000   Number         0  stm32f10x_sdio.o ABSOLUTE
    ..\STM32F10x_FWLib\src\stm32f10x_spi.c   0x00000000   Number         0  stm32f10x_spi.o ABSOLUTE
    ..\STM32F10x_FWLib\src\stm32f10x_tim.c   0x00000000   Number         0  stm32f10x_tim.o ABSOLUTE
    ..\STM32F10x_FWLib\src\stm32f10x_usart.c 0x00000000   Number         0  stm32f10x_usart.o ABSOLUTE
    ..\STM32F10x_FWLib\src\stm32f10x_wwdg.c  0x00000000   Number         0  stm32f10x_wwdg.o ABSOLUTE
    ..\SYSTEM\delay\delay.c                  0x00000000   Number         0  delay.o ABSOLUTE
    ..\SYSTEM\sys\sys.c                      0x00000000   Number         0  sys.o ABSOLUTE
    ..\SYSTEM\usart\usart.c                  0x00000000   Number         0  usart.o ABSOLUTE
    ..\\CORE\\core_cm3.c                     0x00000000   Number         0  core_cm3.o ABSOLUTE
    ..\\SYSTEM\\sys\\sys.c                   0x00000000   Number         0  sys.o ABSOLUTE
    cdrcmple.s                               0x00000000   Number         0  cdrcmple.o ABSOLUTE
    dc.s                                     0x00000000   Number         0  dc.o ABSOLUTE
    handlers.s                               0x00000000   Number         0  handlers.o ABSOLUTE
    init.s                                   0x00000000   Number         0  init.o ABSOLUTE
    main.c                                   0x00000000   Number         0  main.o ABSOLUTE
    stm32f10x_it.c                           0x00000000   Number         0  stm32f10x_it.o ABSOLUTE
    system_stm32f10x.c                       0x00000000   Number         0  system_stm32f10x.o ABSOLUTE
    RESET                                    0x08000000   Section      304  startup_stm32f10x_hd.o(RESET)
    .ARM.Collect$$$$00000000                 0x08000130   Section        0  entry.o(.ARM.Collect$$$$00000000)
    .ARM.Collect$$$$00000001                 0x08000130   Section        4  entry2.o(.ARM.Collect$$$$00000001)
    .ARM.Collect$$$$00000004                 0x08000134   Section        4  entry5.o(.ARM.Collect$$$$00000004)
    .ARM.Collect$$$$00000008                 0x08000138   Section        0  entry7b.o(.ARM.Collect$$$$00000008)
    .ARM.Collect$$$$0000000A                 0x08000138   Section        0  entry8b.o(.ARM.Collect$$$$0000000A)
    .ARM.Collect$$$$0000000B                 0x08000138   Section        8  entry9a.o(.ARM.Collect$$$$0000000B)
    .ARM.Collect$$$$0000000E                 0x08000140   Section        4  entry12b.o(.ARM.Collect$$$$0000000E)
    .ARM.Collect$$$$0000000F                 0x08000144   Section        0  entry10a.o(.ARM.Collect$$$$0000000F)
    .ARM.Collect$$$$00000011                 0x08000144   Section        0  entry11a.o(.ARM.Collect$$$$00000011)
    .ARM.Collect$$$$00002712                 0x08000144   Section        4  entry2.o(.ARM.Collect$$$$00002712)
    __lit__00000000                          0x08000144   Data           4  entry2.o(.ARM.Collect$$$$00002712)
    .text                                    0x08000148   Section        0  main.o(.text)
    .text                                    0x08000254   Section        0  stm32f10x_it.o(.text)
    .text                                    0x08000270   Section        0  system_stm32f10x.o(.text)
    SetSysClockTo72                          0x08000271   Thumb Code   214  system_stm32f10x.o(.text)
    SetSysClock                              0x08000347   Thumb Code     8  system_stm32f10x.o(.text)
    .text                                    0x080003b0   Section       36  startup_stm32f10x_hd.o(.text)
    .text                                    0x080003d4   Section        0  misc.o(.text)
    .text                                    0x0800047c   Section        0  stm32f10x_gpio.o(.text)
    .text                                    0x08000598   Section        0  stm32f10x_rcc.o(.text)
    .text                                    0x08000688   Section        0  stm32f10x_usart.o(.text)
    .text                                    0x08000820   Section        0  delay.o(.text)
    .text                                    0x080008ac   Section        0  usart.o(.text)
    .text                                    0x080009e8   Section        0  led.o(.text)
    .text                                    0x08000a44   Section       36  init.o(.text)
    i.__0printf$bare                         0x08000a68   Section        0  printfb.o(i.__0printf$bare)
    i.__scatterload_copy                     0x08000a78   Section       14  handlers.o(i.__scatterload_copy)
    i.__scatterload_null                     0x08000a86   Section        2  handlers.o(i.__scatterload_null)
    i.__scatterload_zeroinit                 0x08000a88   Section       14  handlers.o(i.__scatterload_zeroinit)
    i._printf_core                           0x08000a96   Section        0  printfb.o(i._printf_core)
    _printf_core                             0x08000a97   Thumb Code    34  printfb.o(i._printf_core)
    .data                                    0x20000000   Section       20  system_stm32f10x.o(.data)
    .data                                    0x20000014   Section       20  stm32f10x_rcc.o(.data)
    APBAHBPrescTable                         0x20000014   Data          16  stm32f10x_rcc.o(.data)
    ADCPrescTable                            0x20000024   Data           4  stm32f10x_rcc.o(.data)
    .data                                    0x20000028   Section        4  delay.o(.data)
    fac_us                                   0x20000028   Data           1  delay.o(.data)
    fac_ms                                   0x2000002a   Data           2  delay.o(.data)
    .data                                    0x2000002c   Section        6  usart.o(.data)
    .bss                                     0x20000034   Section      200  usart.o(.bss)
    STACK                                    0x20000100   Section     1024  startup_stm32f10x_hd.o(STACK)

    Global Symbols

    Symbol Name                              Value     Ov Type        Size  Object(Section)

    BuildAttributes$$THM_ISAv4$P$D$K$B$S$PE$A:L22UL41UL21$X:L11$S22US41US21$IEEE1$IW$USESV6$~STKCKD$USESV7$~SHL$OSPACE$ROPI$EBA8$MICROLIB$REQ8$PRES8$EABIv2 0x00000000   Number         0  anon$$obj.o ABSOLUTE
    __ARM_use_no_argv                        0x00000000   Number         0  main.o ABSOLUTE
    __use_no_errno                           0x00000000   Number         0  useno.o ABSOLUTE
    __use_no_exception_handling              0x00000000   Number         0  useno.o ABSOLUTE
    __use_no_fp                              0x00000000   Number         0  useno.o ABSOLUTE
    __use_no_heap                            0x00000000   Number         0  useno.o ABSOLUTE
    __use_no_heap_region                     0x00000000   Number         0  useno.o ABSOLUTE
    __use_no_semihosting                     0x00000000   Number         0  useno.o ABSOLUTE
    __use_no_semihosting_swi                 0x00000000   Number         0  useno.o ABSOLUTE
    __use_no_signal_handling                 0x00000000   Number         0  useno.o ABSOLUTE
    __arm_fini_                               - Undefined Weak Reference
    __cpp_initialize__aeabi_                  - Undefined Weak Reference
    __cxa_finalize                            - Undefined Weak Reference
    __decompress                              - Undefined Weak Reference
    _clock_init                               - Undefined Weak Reference
    _microlib_exit                            - Undefined Weak Reference
    __Vectors_Size                           0x00000130   Number         0  startup_stm32f10x_hd.o ABSOLUTE
    __Vectors                                0x08000000   Data           4  startup_stm32f10x_hd.o(RESET)
    __Vectors_End                            0x08000130   Data           0  startup_stm32f10x_hd.o(RESET)
    __main                                   0x08000131   Thumb Code     0  entry.o(.ARM.Collect$$$$00000000)
    _main_stk                                0x08000131   Thumb Code     0  entry2.o(.ARM.Collect$$$$00000001)
    _main_scatterload                        0x08000135   Thumb Code     0  entry5.o(.ARM.Collect$$$$00000004)
    __main_after_scatterload                 0x08000139   Thumb Code     0  entry5.o(.ARM.Collect$$$$00000004)
    _main_clock                              0x08000139   Thumb Code     0  entry7b.o(.ARM.Collect$$$$00000008)
    _main_cpp_init                           0x08000139   Thumb Code     0  entry8b.o(.ARM.Collect$$$$0000000A)
    _main_init                               0x08000139   Thumb Code     0  entry9a.o(.ARM.Collect$$$$0000000B)
    __rt_lib_shutdown_fini                   0x08000141   Thumb Code     0  entry12b.o(.ARM.Collect$$$$0000000E)
    __rt_final_cpp                           0x08000145   Thumb Code     0  entry10a.o(.ARM.Collect$$$$0000000F)
    __rt_final_exit                          0x08000145   Thumb Code     0  entry11a.o(.ARM.Collect$$$$00000011)
    main                                     0x08000149   Thumb Code   182  main.o(.text)
    NMI_Handler                              0x08000255   Thumb Code     2  stm32f10x_it.o(.text)
    HardFault_Handler                        0x08000257   Thumb Code     4  stm32f10x_it.o(.text)
    MemManage_Handler                        0x0800025b   Thumb Code     4  stm32f10x_it.o(.text)
    BusFault_Handler                         0x0800025f   Thumb Code     4  stm32f10x_it.o(.text)
    UsageFault_Handler                       0x08000263   Thumb Code     4  stm32f10x_it.o(.text)
    SVC_Handler                              0x08000267   Thumb Code     2  stm32f10x_it.o(.text)
    DebugMon_Handler                         0x08000269   Thumb Code     2  stm32f10x_it.o(.text)
    PendSV_Handler                           0x0800026b   Thumb Code     2  stm32f10x_it.o(.text)
    SysTick_Handler                          0x0800026d   Thumb Code     2  stm32f10x_it.o(.text)
    SystemInit                               0x0800034f   Thumb Code    78  system_stm32f10x.o(.text)
    Reset_Handler                            0x080003b1   Thumb Code     8  startup_stm32f10x_hd.o(.text)
    ADC1_2_IRQHandler                        0x080003cb   Thumb Code     0  startup_stm32f10x_hd.o(.text)
    ADC3_IRQHandler                          0x080003cb   Thumb Code     0  startup_stm32f10x_hd.o(.text)
    CAN1_RX1_IRQHandler                      0x080003cb   Thumb Code     0  startup_stm32f10x_hd.o(.text)
    CAN1_SCE_IRQHandler                      0x080003cb   Thumb Code     0  startup_stm32f10x_hd.o(.text)
    DMA1_Channel1_IRQHandler                 0x080003cb   Thumb Code     0  startup_stm32f10x_hd.o(.text)
    DMA1_Channel2_IRQHandler                 0x080003cb   Thumb Code     0  startup_stm32f10x_hd.o(.text)
    DMA1_Channel3_IRQHandler                 0x080003cb   Thumb Code     0  startup_stm32f10x_hd.o(.text)
    DMA1_Channel4_IRQHandler                 0x080003cb   Thumb Code     0  startup_stm32f10x_hd.o(.text)
    DMA1_Channel5_IRQHandler                 0x080003cb   Thumb Code     0  startup_stm32f10x_hd.o(.text)
    DMA1_Channel6_IRQHandler                 0x080003cb   Thumb Code     0  startup_stm32f10x_hd.o(.text)
    DMA1_Channel7_IRQHandler                 0x080003cb   Thumb Code     0  startup_stm32f10x_hd.o(.text)
    DMA2_Channel1_IRQHandler                 0x080003cb   Thumb Code     0  startup_stm32f10x_hd.o(.text)
    DMA2_Channel2_IRQHandler                 0x080003cb   Thumb Code     0  startup_stm32f10x_hd.o(.text)
    DMA2_Channel3_IRQHandler                 0x080003cb   Thumb Code     0  startup_stm32f10x_hd.o(.text)
    DMA2_Channel4_5_IRQHandler               0x080003cb   Thumb Code     0  startup_stm32f10x_hd.o(.text)
    EXTI0_IRQHandler                         0x080003cb   Thumb Code     0  startup_stm32f10x_hd.o(.text)
    EXTI15_10_IRQHandler                     0x080003cb   Thumb Code     0  startup_stm32f10x_hd.o(.text)
    EXTI1_IRQHandler                         0x080003cb   Thumb Code     0  startup_stm32f10x_hd.o(.text)
    EXTI2_IRQHandler                         0x080003cb   Thumb Code     0  startup_stm32f10x_hd.o(.text)
    EXTI3_IRQHandler                         0x080003cb   Thumb Code     0  startup_stm32f10x_hd.o(.text)
    EXTI4_IRQHandler                         0x080003cb   Thumb Code     0  startup_stm32f10x_hd.o(.text)
    EXTI9_5_IRQHandler                       0x080003cb   Thumb Code     0  startup_stm32f10x_hd.o(.text)
    FLASH_IRQHandler                         0x080003cb   Thumb Code     0  startup_stm32f10x_hd.o(.text)
    FSMC_IRQHandler                          0x080003cb   Thumb Code     0  startup_stm32f10x_hd.o(.text)
    I2C1_ER_IRQHandler                       0x080003cb   Thumb Code     0  startup_stm32f10x_hd.o(.text)
    I2C1_EV_IRQHandler                       0x080003cb   Thumb Code     0  startup_stm32f10x_hd.o(.text)
    I2C2_ER_IRQHandler                       0x080003cb   Thumb Code     0  startup_stm32f10x_hd.o(.text)
    I2C2_EV_IRQHandler                       0x080003cb   Thumb Code     0  startup_stm32f10x_hd.o(.text)
    PVD_IRQHandler                           0x080003cb   Thumb Code     0  startup_stm32f10x_hd.o(.text)
    RCC_IRQHandler                           0x080003cb   Thumb Code     0  startup_stm32f10x_hd.o(.text)
    RTCAlarm_IRQHandler                      0x080003cb   Thumb Code     0  startup_stm32f10x_hd.o(.text)
    RTC_IRQHandler                           0x080003cb   Thumb Code     0  startup_stm32f10x_hd.o(.text)
    SDIO_IRQHandler                          0x080003cb   Thumb Code     0  startup_stm32f10x_hd.o(.text)
    SPI1_IRQHandler                          0x080003cb   Thumb Code     0  startup_stm32f10x_hd.o(.text)
    SPI2_IRQHandler                          0x080003cb   Thumb Code     0  startup_stm32f10x_hd.o(.text)
    SPI3_IRQHandler                          0x080003cb   Thumb Code     0  startup_stm32f10x_hd.o(.text)
    TAMPER_IRQHandler                        0x080003cb   Thumb Code     0  startup_stm32f10x_hd.o(.text)
    TIM1_BRK_IRQHandler                      0x080003cb   Thumb Code     0  startup_stm32f10x_hd.o(.text)
    TIM1_CC_IRQHandler                       0x080003cb   Thumb Code     0  startup_stm32f10x_hd.o(.text)
    TIM1_TRG_COM_IRQHandler                  0x080003cb   Thumb Code     0  startup_stm32f10x_hd.o(.text)
    TIM1_UP_IRQHandler                       0x080003cb   Thumb Code     0  startup_stm32f10x_hd.o(.text)
    TIM2_IRQHandler                          0x080003cb   Thumb Code     0  startup_stm32f10x_hd.o(.text)
    TIM3_IRQHandler                          0x080003cb   Thumb Code     0  startup_stm32f10x_hd.o(.text)
    TIM4_IRQHandler                          0x080003cb   Thumb Code     0  startup_stm32f10x_hd.o(.text)
    TIM5_IRQHandler                          0x080003cb   Thumb Code     0  startup_stm32f10x_hd.o(.text)
    TIM6_IRQHandler                          0x080003cb   Thumb Code     0  startup_stm32f10x_hd.o(.text)
    TIM7_IRQHandler                          0x080003cb   Thumb Code     0  startup_stm32f10x_hd.o(.text)
    TIM8_BRK_IRQHandler                      0x080003cb   Thumb Code     0  startup_stm32f10x_hd.o(.text)
    TIM8_CC_IRQHandler                       0x080003cb   Thumb Code     0  startup_stm32f10x_hd.o(.text)
    TIM8_TRG_COM_IRQHandler                  0x080003cb   Thumb Code     0  startup_stm32f10x_hd.o(.text)
    TIM8_UP_IRQHandler                       0x080003cb   Thumb Code     0  startup_stm32f10x_hd.o(.text)
    UART4_IRQHandler                         0x080003cb   Thumb Code     0  startup_stm32f10x_hd.o(.text)
    UART5_IRQHandler                         0x080003cb   Thumb Code     0  startup_stm32f10x_hd.o(.text)
    USART2_IRQHandler                        0x080003cb   Thumb Code     0  startup_stm32f10x_hd.o(.text)
    USART3_IRQHandler                        0x080003cb   Thumb Code     0  startup_stm32f10x_hd.o(.text)
    USBWakeUp_IRQHandler                     0x080003cb   Thumb Code     0  startup_stm32f10x_hd.o(.text)
    USB_HP_CAN1_TX_IRQHandler                0x080003cb   Thumb Code     0  startup_stm32f10x_hd.o(.text)
    USB_LP_CAN1_RX0_IRQHandler               0x080003cb   Thumb Code     0  startup_stm32f10x_hd.o(.text)
    WWDG_IRQHandler                          0x080003cb   Thumb Code     0  startup_stm32f10x_hd.o(.text)
    NVIC_PriorityGroupConfig                 0x080003d5   Thumb Code    10  misc.o(.text)
    NVIC_Init                                0x080003df   Thumb Code   100  misc.o(.text)
    SysTick_CLKSourceConfig                  0x08000443   Thumb Code    40  misc.o(.text)
    GPIO_Init                                0x0800047d   Thumb Code   278  stm32f10x_gpio.o(.text)
    GPIO_SetBits                             0x08000593   Thumb Code     4  stm32f10x_gpio.o(.text)
    RCC_GetClocksFreq                        0x08000599   Thumb Code   192  stm32f10x_rcc.o(.text)
    RCC_APB2PeriphClockCmd                   0x08000659   Thumb Code    26  stm32f10x_rcc.o(.text)
    USART_Init                               0x08000689   Thumb Code   210  stm32f10x_usart.o(.text)
    USART_Cmd                                0x0800075b   Thumb Code    24  stm32f10x_usart.o(.text)
    USART_ITConfig                           0x08000773   Thumb Code    74  stm32f10x_usart.o(.text)
    USART_ReceiveData                        0x080007bd   Thumb Code    10  stm32f10x_usart.o(.text)
    USART_GetITStatus                        0x080007c7   Thumb Code    84  stm32f10x_usart.o(.text)
    delay_init                               0x08000821   Thumb Code    50  delay.o(.text)
    delay_ms                                 0x08000853   Thumb Code    72  delay.o(.text)
    fputc                                    0x080008ad   Thumb Code    24  usart.o(.text)
    uart_init                                0x080008c5   Thumb Code   152  usart.o(.text)
    USART1_IRQHandler                        0x0800095d   Thumb Code   122  usart.o(.text)
    LED_Init                                 0x080009e9   Thumb Code    82  led.o(.text)
    __scatterload                            0x08000a45   Thumb Code    28  init.o(.text)
    __scatterload_rt2                        0x08000a45   Thumb Code     0  init.o(.text)
    __0printf$bare                           0x08000a69   Thumb Code     8  printfb.o(i.__0printf$bare)
    __1printf$bare                           0x08000a69   Thumb Code     0  printfb.o(i.__0printf$bare)
    __2printf                                0x08000a69   Thumb Code     0  printfb.o(i.__0printf$bare)
    __scatterload_copy                       0x08000a79   Thumb Code    14  handlers.o(i.__scatterload_copy)
    __scatterload_null                       0x08000a87   Thumb Code     2  handlers.o(i.__scatterload_null)
    __scatterload_zeroinit                   0x08000a89   Thumb Code    14  handlers.o(i.__scatterload_zeroinit)
    Region$$Table$$Base                      0x08000ab8   Number         0  anon$$obj.o(Region$$Table)
    Region$$Table$$Limit                     0x08000ad8   Number         0  anon$$obj.o(Region$$Table)
    SystemCoreClock                          0x20000000   Data           4  system_stm32f10x.o(.data)
    AHBPrescTable                            0x20000004   Data          16  system_stm32f10x.o(.data)
    __stdout                                 0x2000002c   Data           4  usart.o(.data)
    USART_RX_STA                             0x20000030   Data           2  usart.o(.data)
    USART_RX_BUF                             0x20000034   Data         200  usart.o(.bss)
    __initial_sp                             0x20000500   Data           0  startup_stm32f10x_hd.o(STACK)



==============================================================================

Memory Map of the image

  Image Entry point : 0x08000131

  Load Region LR_IROM1 (Base: 0x08000000, Size: 0x00000b0c, Max: 0x00040000, ABSOLUTE)

    Execution Region ER_IROM1 (Exec base: 0x08000000, Load base: 0x08000000, Size: 0x00000ad8, Max: 0x00040000, ABSOLUTE)

    Exec Addr    Load Addr    Size         Type   Attr      Idx    E Section Name        Object

    0x08000000   0x08000000   0x00000130   Data   RO          196    RESET               startup_stm32f10x_hd.o
    0x08000130   0x08000130   0x00000000   Code   RO         3225  * .ARM.Collect$$$$00000000  mc_w.l(entry.o)
    0x08000130   0x08000130   0x00000004   Code   RO         3488    .ARM.Collect$$$$00000001  mc_w.l(entry2.o)
    0x08000134   0x08000134   0x00000004   Code   RO         3491    .ARM.Collect$$$$00000004  mc_w.l(entry5.o)
    0x08000138   0x08000138   0x00000000   Code   RO         3493    .ARM.Collect$$$$00000008  mc_w.l(entry7b.o)
    0x08000138   0x08000138   0x00000000   Code   RO         3495    .ARM.Collect$$$$0000000A  mc_w.l(entry8b.o)
    0x08000138   0x08000138   0x00000008   Code   RO         3496    .ARM.Collect$$$$0000000B  mc_w.l(entry9a.o)
    0x08000140   0x08000140   0x00000004   Code   RO         3503    .ARM.Collect$$$$0000000E  mc_w.l(entry12b.o)
    0x08000144   0x08000144   0x00000000   Code   RO         3498    .ARM.Collect$$$$0000000F  mc_w.l(entry10a.o)
    0x08000144   0x08000144   0x00000000   Code   RO         3500    .ARM.Collect$$$$00000011  mc_w.l(entry11a.o)
    0x08000144   0x08000144   0x00000004   Code   RO         3489    .ARM.Collect$$$$00002712  mc_w.l(entry2.o)
    0x08000148   0x08000148   0x0000010c   Code   RO            1    .text               main.o
    0x08000254   0x08000254   0x0000001a   Code   RO          118    .text               stm32f10x_it.o
    0x0800026e   0x0800026e   0x00000002   PAD
    0x08000270   0x08000270   0x00000140   Code   RO          159    .text               system_stm32f10x.o
    0x080003b0   0x080003b0   0x00000024   Code   RO          197    .text               startup_stm32f10x_hd.o
    0x080003d4   0x080003d4   0x000000a8   Code   RO          201    .text               misc.o
    0x0800047c   0x0800047c   0x0000011a   Code   RO         1336    .text               stm32f10x_gpio.o
    0x08000596   0x08000596   0x00000002   PAD
    0x08000598   0x08000598   0x000000f0   Code   RO         1768    .text               stm32f10x_rcc.o
    0x08000688   0x08000688   0x00000198   Code   RO         2896    .text               stm32f10x_usart.o
    0x08000820   0x08000820   0x0000008c   Code   RO         3105    .text               delay.o
    0x080008ac   0x080008ac   0x0000013c   Code   RO         3154    .text               usart.o
    0x080009e8   0x080009e8   0x0000005c   Code   RO         3182    .text               led.o
    0x08000a44   0x08000a44   0x00000024   Code   RO         3519    .text               mc_w.l(init.o)
    0x08000a68   0x08000a68   0x00000010   Code   RO         3229    i.__0printf$bare    mc_w.l(printfb.o)
    0x08000a78   0x08000a78   0x0000000e   Code   RO         3531    i.__scatterload_copy  mc_w.l(handlers.o)
    0x08000a86   0x08000a86   0x00000002   Code   RO         3532    i.__scatterload_null  mc_w.l(handlers.o)
    0x08000a88   0x08000a88   0x0000000e   Code   RO         3533    i.__scatterload_zeroinit  mc_w.l(handlers.o)
    0x08000a96   0x08000a96   0x00000022   Code   RO         3236    i._printf_core      mc_w.l(printfb.o)
    0x08000ab8   0x08000ab8   0x00000020   Data   RO         3529    Region$$Table       anon$$obj.o


    Execution Region RW_IRAM1 (Exec base: 0x20000000, Load base: 0x08000ad8, Size: 0x00000500, Max: 0x0000c000, ABSOLUTE)

    Exec Addr    Load Addr    Size         Type   Attr      Idx    E Section Name        Object

    0x20000000   0x08000ad8   0x00000014   Data   RW          161    .data               system_stm32f10x.o
    0x20000014   0x08000aec   0x00000014   Data   RW         1779    .data               stm32f10x_rcc.o
    0x20000028   0x08000b00   0x00000004   Data   RW         3107    .data               delay.o
    0x2000002c   0x08000b04   0x00000006   Data   RW         3156    .data               usart.o
    0x20000032   0x08000b0a   0x00000002   PAD
    0x20000034        -       0x000000c8   Zero   RW         3155    .bss                usart.o
    0x200000fc   0x08000b0a   0x00000004   PAD
    0x20000100        -       0x00000400   Zero   RW          194    STACK               startup_stm32f10x_hd.o


==============================================================================

Image component sizes


      Code (inc. data)   RO Data    RW Data    ZI Data      Debug   Object Name

         0          0          0          0          0         32   core_cm3.o
       140         18          0          4          0        778   delay.o
        92         10          0          0          0        459   led.o
       268         86          0          0          0     232775   main.o
       168         18          0          0          0       1333   misc.o
        36          8        304          0       1024        752   startup_stm32f10x_hd.o
       282          0          0          0          0       2097   stm32f10x_gpio.o
        26          0          0          0          0       1138   stm32f10x_it.o
       240         22          0         20          0       3371   stm32f10x_rcc.o
       408          6          0          0          0       3490   stm32f10x_usart.o
       320         20          0         20          0       1345   system_stm32f10x.o
       316         18          0          6        200       2848   usart.o

    ----------------------------------------------------------------------
      2300        206        336         52       1228     250418   Object Totals
         0          0         32          0          0          0   (incl. Generated)
         4          0          0          2          4          0   (incl. Padding)

    ----------------------------------------------------------------------

      Code (inc. data)   RO Data    RW Data    ZI Data      Debug   Library Member Name

         0          0          0          0          0          0   entry.o
         0          0          0          0          0          0   entry10a.o
         0          0          0          0          0          0   entry11a.o
         4          0          0          0          0          0   entry12b.o
         8          4          0          0          0          0   entry2.o
         4          0          0          0          0          0   entry5.o
         0          0          0          0          0          0   entry7b.o
         0          0          0          0          0          0   entry8b.o
         8          4          0          0          0          0   entry9a.o
        30          0          0          0          0          0   handlers.o
        36          8          0          0          0         68   init.o
        50          8          0          0          0        152   printfb.o

    ----------------------------------------------------------------------
       140         24          0          0          0        220   Library Totals
         0          0          0          0          0          0   (incl. Padding)

    ----------------------------------------------------------------------

      Code (inc. data)   RO Data    RW Data    ZI Data      Debug   Library Name

       140         24          0          0          0        220   mc_w.l

    ----------------------------------------------------------------------
       140         24          0          0          0        220   Library Totals

    ----------------------------------------------------------------------

==============================================================================


      Code (inc. data)   RO Data    RW Data    ZI Data      Debug   

      2440        230        336         52       1228     250218   Grand Totals
      2440        230        336         52       1228     250218   ELF Image Totals
      2440        230        336         52          0          0   ROM Totals

==============================================================================

    Total RO  Size (Code + RO Data)                 2776 (   2.71kB)
    Total RW  Size (RW Data + ZI Data)              1280 (   1.25kB)
    Total ROM Size (Code + RO Data + RW Data)       2828 (   2.76kB)

==============================================================================

